
  ___  ____  ____  ____  ____ (R)
 /__    /   ____/   /   ____/
___/   /   /___/   /   /___/   13.1   Copyright 1985-2013 StataCorp LP
  Statistics/Data Analysis            StataCorp
                                      4905 Lakeway Drive
     MP - Parallel Edition            College Station, Texas 77845 USA
                                      800-STATA-PC        http://www.stata.com
                                      979-696-4600        stata@stata.com
                                      979-696-4601 (fax)

5-user 4-core Stata network perpetual license:
       Serial number:  501306214279
         Licensed to:  Department of Economics
                       University College London

Notes:
      1.  (-v# option or -set maxvar-) 5000 maximum variables
      2.  Command line editing disabled
      3.  Stata running in batch mode

Note:  Your site can add messages to the introduction by editing the file
       stata.msg in the directory where Stata is installed.

. do highspeedmi.do 

. *use "C:\Dropbox\baowen\highspeed\missingwide.dta",clear
. cd ~/git/baowen/
/data/uctprgu/git/baowen

. use missingwide, clear
(SAVASTATA created this dataset on 01JAN2014)

. 
. mi set flong

. mi xtset,clear

. set matsize 10000

. 
. gen xgender=gender*yrsinceretire1989

. gen xurban=urban*yrsinceretire1989

. gen xjoint=jointretire*yrsinceretire1989
(39 missing values generated)

. gen xchildcare=childcare*yrsinceretire1989
(143 missing values generated)

. gen since1989sq=yrsinceretire1989^2

. 
. 
. mi register imputed education skills lastactivity lastsmoke lastalcohol works
> pouse jointretire childcare xjoint xchildcare ///
> perhhincome1989 perhhincome1991 perhhincome1993 perhhincome1997 ///
> perhhincome2000 perhhincome2004 perhhincome2006 perhhincome2009 perhhincome20
> 11 ///
> bismoking1989 bismoking1991 bismoking1993 bismoking1997 ///
> bismoking2000 bismoking2004 bismoking2006 bismoking2009 bismoking2011 ///
> lastsysdrug lastdiadrug lastwaist lastbmi ///
> energy1991 carbo1991 fat1991 protein1991 ///
> energy1993 carbo1993 fat1993 protein1993 energy1997 carbo1997 fat1997 protein
> 1997 ///
> energy2000 carbo2000 fat2000 protein2000 energy2004 carbo2004 fat2004 protein
> 2004 ///
> energy2006 carbo2006 fat2006 protein2006 energy2009 carbo2009 fat2009 protein
> 2009 ///
> energy2011 carbo2011 fat2011 protein2011 ///
> mettotal1991 mettotal1993 mettotal1997 mettotal2000 mettotal2004 mettotal2006
>  mettotal2009 mettotal2011 ///
> alcohol1991 alcohol1993 alcohol1997 alcohol2000 alcohol2004 alcohol2006 alcoh
> ol2009 alcohol2011 ///
> flag1989 flag1991 flag1993 flag1997 flag2000 flag2004 flag2006 flag2009 flag2
> 011
(1254 m=0 obs. now marked as incomplete)

. 
. 
. ***************
. mi impute chained ///
> (ologit,iter(20))education skills lastalcohol lastactivity ///
> (logit if lastmarriage==0)workspouse ///
> (logit,iter(20))childcare jointretire ///
> (logit,iter(20))lastsmoke bismoking2004 bismoking2000 bismoking1997 ///
> (regress) lastsysdrug lastdiadrug lastwaist lastbmi ///
> (pmm) energy1991 carbo1991 fat1991 protein1991 ///
> energy1993 carbo1993 fat1993 protein1993 energy1997 carbo1997 fat1997 protein
> 1997 ///
> energy2000 carbo2000 fat2000 protein2000 energy2004 carbo2004 fat2004 protein
> 2004 ///
> energy2006 carbo2006 fat2006 protein2006 energy2009 carbo2009 fat2009 protein
> 2009 ///
> energy2011 carbo2011 fat2011 protein2011 ///
> mettotal1997 mettotal2000 mettotal2004 mettotal2006 mettotal2009 mettotal2011
>  ///
> alcohol1997 alcohol2000 alcohol2004 alcohol2006 alcohol2009 alcohol2011 ///
> =  gender retireageg birthcohort urban provinces communityid yrsinceretire198
> 9 since1989sq  ///
> prepost1991 prepost1993 prepost1997 ///
> prepost2000 prepost2004 prepost2006 prepost2009 ///
> xgender xurban  ///
> ,add(20) burnin(100) rseed(1389)augment
variable retireageg not found
 -- above applies to specification = gender retireageg birthcohort urban
    provinces communityid yrsinceretire1989 since1989sq prepost1991
    prepost1993 prepost1997 prepost2000 prepost2004 prepost2006 prepost2009
    xgender xurban

r(111);

end of do-file
r(111);
