-------------------------------------------------------------------------------
      name:  <unnamed>
       log:  /gpfs/home/fas/meghir/rg684/git/baowen/hpc7/log_hpc7.log
  log type:  text
 opened on:   9 Feb 2017, 06:41:08

. 
. use ../imputed.dta, clear

. 
. ***************retired
. recode exit_type 2=0
(exit_type: 738 changes made)

. recode exit_type 4=6
(exit_type: 4060 changes made)

. mi stset age_exitnew, failure(exit_type==3) enter(xage_q)exit (age_exitnew=75
> )

     failure event:  exit_type == 3
obs. time interval:  (0, age_exitnew]
 enter on or after:  time xage_q
 exit on or before:  age_exitnew==75

------------------------------------------------------------------------------
     7913  total observations
        0  exclusions
------------------------------------------------------------------------------
     7913  observations remaining, representing
     4678  failures in single-record/single-failure data
 76667.65  total analysis time at risk and under observation
                                              at risk from t =         0
                                   earliest observed entry t =     39.58
                                        last observed exit t =     81.02

. *model 1:
. *xi: mi estimate: stcrreg ftow i.xage_qgp i.gender, compete(exit_type ==2 4 5
>  6)
. *xi: mi estimate: stcrreg wtof i.xage_qgp i.gender, compete(exit_type ==2 4 5
>  6)
. *mode1 2:
. *xi: mi estimate: stcrreg ftow i.xage_qgp i.gender i.tedlev i.xrgrlump i.depr
> ess i.chronic i.spouse , compete(exit_type ==2 4 5 6)
. *xi: mi estimate: stcrreg wtof i.xage_qgp i.gender i.tedlev i.xrgrlump i.depr
> ess i.chronic i.spouse, compete(exit_type ==2 4 5 6)
. *model 3:
. 
. *xi: mi estimate: stcrreg ftow i.xage_qgp i.gender i.tedlev i.xrgrlump i.depr
> ess i.chronic i.spouse i.xdeclatt i.xjobdemt i.support, compete(exit_type ==5
>  6)
. 
. 
. xi: mi estimate: stcrreg wtof i.xage_qgp i.gender i.tedlev i.xrgrlump i.depre
> ss i.chronic i.spouse i.xdeclatt i.xjobdemt i.support, compete(exit_type ==5 
> 6)
i.xage_qgp        _Ixage_qgp_1-5      (naturally coded; _Ixage_qgp_1 omitted)
i.gender          _Igender_0-1        (naturally coded; _Igender_0 omitted)
i.tedlev          _Itedlev_0-2        (naturally coded; _Itedlev_0 omitted)
i.xrgrlump        _Ixrgrlump_0-2      (naturally coded; _Ixrgrlump_0 omitted)
i.depress         _Idepress_0-1       (naturally coded; _Idepress_0 omitted)
i.chronic         _Ichronic_0-2       (naturally coded; _Ichronic_0 omitted)
i.spouse          _Ispouse_0-2        (naturally coded; _Ispouse_0 omitted)
i.xdeclatt        _Ixdeclatt_0-2      (naturally coded; _Ixdeclatt_0 omitted)
i.xjobdemt        _Ixjobdemt_0-2      (naturally coded; _Ixjobdemt_0 omitted)
i.support         _Isupport_0-2       (naturally coded; _Isupport_0 omitted)

Multiple-imputation estimates                     Imputations     =         25
Competing-risks regression                        Number of obs   =       7913
                                                  Average RVI     =     0.0485
                                                  Largest FMI     =     0.1349
DF adjustment:   Large sample                     DF:     min     =    1343.96
                                                          avg     =  526101.84
                                                          max     = 4361701.73
Model F test:       Equal FMI                     F(  21,231503.6)=      27.14
Within VCE type:       Robust                     Prob > F        =     0.0000

------------------------------------------------------------------------------
          _t |      Coef.   Std. Err.      t    P>|t|     [95% Conf. Interval]
-------------+----------------------------------------------------------------
        wtof |  -.0205576   .0107027    -1.92   0.055    -.0415534    .0004382
_Ixage_qgp_2 |   .0955411   .0432325     2.21   0.027      .010807    .1802753
_Ixage_qgp_3 |   .2236222   .0473035     4.73   0.000      .130909    .3163355
_Ixage_qgp_4 |   .6964116   .0469143    14.84   0.000      .604461    .7883622
_Ixage_qgp_5 |   1.037833   .0804387    12.90   0.000     .8801759    1.195491
  _Igender_1 |   .1039626    .036073     2.88   0.004     .0332609    .1746644
  _Itedlev_1 |   .0368148   .0397981     0.93   0.355    -.0412004      .11483
  _Itedlev_2 |  -.2067049   .0397446    -5.20   0.000    -.2846128   -.1287969
_Ixrgrlump_1 |  -.1689652   .0396022    -4.27   0.000    -.2465849   -.0913454
_Ixrgrlump_2 |  -.5330131   .0613566    -8.69   0.000    -.6532742   -.4127521
 _Idepress_1 |  -.0925769   .0410355    -2.26   0.024    -.1730116   -.0121422
 _Ichronic_1 |  -.0466967   .0363682    -1.28   0.199    -.1180037    .0246104
 _Ichronic_2 |  -.0115988   .0713479    -0.16   0.871    -.1514756     .128278
  _Ispouse_1 |  -.0709857   .0372287    -1.91   0.057     -.143954    .0019826
  _Ispouse_2 |     .01808   .0356973     0.51   0.613    -.0518871    .0880472
_Ixdeclatt_1 |   .1038725   .0442233     2.35   0.019      .017166    .1905791
_Ixdeclatt_2 |  -.0839901   .0482498    -1.74   0.082    -.1786041    .0106239
_Ixjobdemt_1 |  -.0170853   .0416418    -0.41   0.682    -.0987386    .0645681
_Ixjobdemt_2 |  -.0234467   .0496997    -0.47   0.637     -.120921    .0740275
 _Isupport_1 |   .1121778   .0424385     2.64   0.008     .0289821    .1953735
 _Isupport_2 |   .1616384   .0416755     3.88   0.000     .0799298    .2433469
------------------------------------------------------------------------------

. /*
> ***************unemployed
> mi stset age_exitnew, failure(exit_type==4) enter(xage_q)exit (age_exitnew=75
> )
> *model 1:
> xi: mi estimate: stcrreg ftow i.xage_qgp i.gender, compete(exit_type ==2 3 5 
> 6)
> xi: mi estimate: stcrreg wtof i.xage_qgp i.gender, compete(exit_type ==2 3 5 
> 6)
> *mode1 2:
> xi: mi estimate: stcrreg ftow i.xage_qgp i.gender i.tedlev i.xrgrlump i.depre
> ss i.chronic i.spouse , compete(exit_type ==2 3 5 6)
> xi: mi estimate: stcrreg wtof i.xage_qgp i.gender i.tedlev i.xrgrlump i.depre
> ss i.chronic i.spouse, compete(exit_type ==2 3 5 6)
> *model 3:
> xi: mi estimate: stcrreg ftow i.xage_qgp i.gender i.tedlev i.xrgrlump i.depre
> ss i.chronic i.spouse i.xdeclatt i.xjobdemt i.support, compete(exit_type ==2 
> 3 5 6)
> xi: mi estimate: stcrreg wtof i.xage_qgp i.gender i.tedlev i.xrgrlump i.depre
> ss i.chronic i.spouse i.xdeclatt i.xjobdemt i.support, compete(exit_type ==2 
> 3 5 6)
> 
> ***************health reason
> mi stset age_exitnew, failure(exit_type==5) enter(xage_q)exit (age_exitnew=75
> )
> *model 1:
> xi: mi estimate: stcrreg ftow i.xage_qgp i.gender, compete(exit_type ==2 3 4 
> 6)
> xi: mi estimate: stcrreg wtof i.xage_qgp i.gender, compete(exit_type ==2 3 4 
> 6)
> *mode1 2:
> xi: mi estimate: stcrreg ftow i.xage_qgp i.gender i.tedlev i.xrgrlump i.depre
> ss i.chronic i.spouse , compete(exit_type ==2 3 4 6)
> xi: mi estimate: stcrreg wtof i.xage_qgp i.gender i.tedlev i.xrgrlump i.depre
> ss i.chronic i.spouse, compete(exit_type ==2 3 4 6)
> *model 3:
> xi: mi estimate: stcrreg ftow i.xage_qgp i.gender i.tedlev i.xrgrlump i.depre
> ss i.chronic i.spouse i.xdeclatt i.xjobdemt i.support, compete(exit_type ==2 
> 3 4 6)
> xi: mi estimate: stcrreg wtof i.xage_qgp i.gender i.tedlev i.xrgrlump i.depre
> ss i.chronic i.spouse i.xdeclatt i.xjobdemt i.support, compete(exit_type ==2 
> 3 4 6)
> */
. 
. ***************other
. *mi stset age_exitnew, failure(exit_type==6) enter(xage_q)exit (age_exitnew=7
> 5)
. *model 1:
. *xi: mi estimate: stcrreg ftow i.xage_qgp i.gender, compete(exit_type ==2 3 4
>  5)
. *xi: mi estimate: stcrreg wtof i.xage_qgp i.gender, compete(exit_type ==2 3 4
>  5)
. *mode1 2:
. *xi: mi estimate: stcrreg ftow i.xage_qgp i.gender i.tedlev i.xrgrlump i.depr
> ess i.chronic i.spouse , compete(exit_type ==2 3 4 5)
. *xi: mi estimate: stcrreg wtof i.xage_qgp i.gender i.tedlev i.xrgrlump i.depr
> ess i.chronic i.spouse, compete(exit_type ==2 3 4 5)
. *model 3:
. *xi: mi estimate: stcrreg ftow i.xage_qgp i.gender i.tedlev i.xrgrlump i.depr
> ess i.chronic i.spouse i.xdeclatt i.xjobdemt i.support, compete(exit_type ==2
>  3 4 5)
. *xi: mi estimate: stcrreg wtof i.xage_qgp i.gender i.tedlev i.xrgrlump i.depr
> ess i.chronic i.spouse i.xdeclatt i.xjobdemt i.support, compete(exit_type ==2
>  3 4 5)
. 
. 
. saveold newresult, replace
(note: file newresult.dta not found)
file newresult.dta saved

. log close
      name:  <unnamed>
       log:  /gpfs/home/fas/meghir/rg684/git/baowen/hpc7/log_hpc7.log
  log type:  text
 closed on:  10 Feb 2017, 18:08:31
-------------------------------------------------------------------------------
